Running suite hpxtest
02_TestMemAlloc.c:98:P:hpxtest-core:test_libhpx_gas_alloc:0: Passed
03_TestGlobalMemAlloc.c:67:P:hpxtest-core:test_libhpx_gas_global_alloc:0: Passed
03_TestGlobalMemAlloc.c:122:P:hpxtest-core:test_libhpx_gas_global_alloc_block:0: Passed
04_TestParcel.c:82:P:hpxtest-core:test_libhpx_parcelCreate:0: Passed
04_TestParcel.c:128:P:hpxtest-core:test_libhpx_parcelGetAction:0: Passed
04_TestParcel.c:142:P:hpxtest-core:test_libhpx_parcelGetData:0: Passed
04_TestParcel.c:160:P:hpxtest-core:test_libhpx_parcelRelease:0: Passed
04_TestParcel.c:183:P:hpxtest-core:test_libhpx_parcelSend:0: Passed
04_TestParcel.c:273:P:hpxtest-core:test_libhpx_parcelGetContinuation:0: Passed
05_TestThreads.c:79:P:hpxtest-core:test_libhpx_threadCreate:0: Passed
05_TestThreads.c:149:P:hpxtest-core:test_libhpx_threadExit:0: Passed
05_TestThreads.c:172:P:hpxtest-core:test_libhpx_threadGetTlsID:0: Passed
05_TestThreads.c:216:P:hpxtest-core:test_libhpx_threadContinue:0: Passed
05_TestThreads.c:344:P:hpxtest-core:test_libhpx_threadContinueCleanup:0: Passed
05_TestThreads.c:389:P:hpxtest-core:test_libhpx_threadContAction:0: Passed
05_TestThreads.c:307:F:hpxtest-core:test_libhpx_threadYield:0: Thread did not yield.
06_TestFutures.c:51:P:hpxtest-core:test_libhpx_lco_future_new:0: Passed
06_TestFutures.c:104:P:hpxtest-core:test_libhpx_lco_future_array:0: Passed
